// Jest Snapshot v1, https://goo.gl/fbAQLP

exports[`<Toolbar /> should be able to render correctly 1`] = `
<body>
  <div>
    <div
      class="MuiToolbar-root MuiToolbar-dense MuiToolbar-gutters"
    >
      <button
        class="MuiButtonBase-root MuiIconButton-root MuiIconButton-colorPrimary MuiIconButton-edgeStart"
        data-testid="back-button"
        tabindex="0"
        type="button"
      >
        <span
          class="MuiIconButton-label"
        >
          <svg
            aria-hidden="true"
            class="MuiSvgIcon-root"
            focusable="false"
            viewBox="0 0 24 24"
          >
            <path
              d="M20 11H7.83l5.59-5.59L12 4l-8 8 8 8 1.41-1.41L7.83 13H20v-2z"
            />
          </svg>
        </span>
        <span
          class="MuiTouchRipple-root"
        />
      </button>
      <h6
        class="MuiTypography-root sc-bdfBwQ iMDlDH MuiTypography-h6 MuiTypography-colorInherit"
      >
        Title
      </h6>
    </div>
  </div>
</body>
`;
